
Memory Configuration

Name             Origin             Length             Attributes
ram              0x00008000         0x00010000
*default*        0x00000000         0xffffffff

Linker script and memory map

LOAD build/vectors.o
LOAD build/debug.o
LOAD build/framebuffer.o
LOAD build/START.o
LOAD build/uart.o

.text           0x00008000      0x420
 *(.text*)
 .text          0x00008000       0x1c build/vectors.o
                0x00008014                GET32
                0x0000800c                PUT32
                0x00008000                _start
                0x00008008                dummy
 .text          0x0000801c       0x1c build/debug.o
                0x0000801c                debug_printf
 .text          0x00008038      0x2f4 build/framebuffer.o
                0x00008038                FB_initFrameBuffer
                0x00008274                LED_ERROR
                0x000081a0                FB_writeMessage
                0x000082f8                wait
                0x000081e0                FB_readMessage
                0x00008220                LED_OK
 .text          0x0000832c       0x20 build/START.o
                0x0000832c                notmain
 .text          0x0000834c       0xd4 build/uart.o
                0x0000834c                uart_putc
                0x00008384                uart_putstring
                0x000083b4                initUART

.glue_7         0x00000000        0x0
 .glue_7        0x00000000        0x0 build/vectors.o
 .glue_7        0x00000000        0x0 build/debug.o
 .glue_7        0x00000000        0x0 build/framebuffer.o
 .glue_7        0x00000000        0x0 build/START.o
 .glue_7        0x00000000        0x0 build/uart.o

.glue_7t        0x00000000        0x0
 .glue_7t       0x00000000        0x0 build/vectors.o
 .glue_7t       0x00000000        0x0 build/debug.o
 .glue_7t       0x00000000        0x0 build/framebuffer.o
 .glue_7t       0x00000000        0x0 build/START.o
 .glue_7t       0x00000000        0x0 build/uart.o

.vfp11_veneer   0x00000000        0x0
 .vfp11_veneer  0x00000000        0x0 build/vectors.o
 .vfp11_veneer  0x00000000        0x0 build/debug.o
 .vfp11_veneer  0x00000000        0x0 build/framebuffer.o
 .vfp11_veneer  0x00000000        0x0 build/START.o
 .vfp11_veneer  0x00000000        0x0 build/uart.o

.janus_2cc_veneer
                0x00000000        0x0
 .janus_2cc_veneer
                0x00000000        0x0 build/vectors.o
 .janus_2cc_veneer
                0x00000000        0x0 build/debug.o
 .janus_2cc_veneer
                0x00000000        0x0 build/framebuffer.o
 .janus_2cc_veneer
                0x00000000        0x0 build/START.o
 .janus_2cc_veneer
                0x00000000        0x0 build/uart.o

.v4_bx          0x00000000        0x0
 .v4_bx         0x00000000        0x0 build/vectors.o
 .v4_bx         0x00000000        0x0 build/debug.o
 .v4_bx         0x00000000        0x0 build/framebuffer.o
 .v4_bx         0x00000000        0x0 build/START.o
 .v4_bx         0x00000000        0x0 build/uart.o

.rodata         0x00008420       0x24
 *(.rodata*)
 .rodata.str1.4
                0x00008420       0x13 build/START.o
                                 0x14 (size before relaxing)
 *fill*         0x00008433        0x1 00
 .rodata.str1.4
                0x00008434       0x10 build/uart.o

.data           0x00000000        0x0
 .data          0x00000000        0x0 build/vectors.o
 .data          0x00000000        0x0 build/debug.o
 .data          0x00000000        0x0 build/framebuffer.o
 .data          0x00000000        0x0 build/START.o
 .data          0x00000000        0x0 build/uart.o

.bss            0x00008444        0x0
 *(.bss*)
 .bss           0x00008444        0x0 build/vectors.o
 .bss           0x00008444        0x0 build/debug.o
 .bss           0x00008444        0x0 build/framebuffer.o
 .bss           0x00008444        0x0 build/START.o
 .bss           0x00008444        0x0 build/uart.o
OUTPUT(build/output.elf elf32-littlearm)

.ARM.attributes
                0x00000000       0x22
 .ARM.attributes
                0x00000000       0x14 build/vectors.o
 .ARM.attributes
                0x00000014       0x2e build/debug.o
 .ARM.attributes
                0x00000042       0x2e build/framebuffer.o
 .ARM.attributes
                0x00000070       0x2e build/START.o
 .ARM.attributes
                0x0000009e       0x2e build/uart.o

.comment        0x00000000       0xa8
 .comment       0x00000000       0x2a build/debug.o
 .comment       0x0000002a       0x2a build/framebuffer.o
 .comment       0x00000054       0x2a build/START.o
 .comment       0x0000007e       0x2a build/uart.o
